[INFO] 开始扫描连州招聘信息 — 2026-05-12 08:00
[INFO] 抓取: 连州市公务员招考 ...
  → 提取到 27 条链接
[INFO] 抓取: 连州市事业单位招聘（含教师） ...
  → 提取到 27 条链接
[INFO] 抓取: 清远教师招聘网 ...
  → 提取到 145 条链接
[INFO] 抓取: 清远事业单位招聘汇总 ...
  → 提取到 162 条链接
[INFO] 报告已保存: /home/hangskf/.hermes/cron/lian-zhou-jobs/2026-05-12.md

# 📋 连州招聘信息每日监测 — 2026-05-12 08:00

**共扫描 243 条信息，新增 0 条，舞蹈/艺术相关 1 条**

## 🎭 舞蹈/艺术/体艺相关（重点关注）

- 📌 **广东省清远市清新区文化广电旅游体育局2025年公开招聘编外聘用人员的公告**
  - 来源：清远事业单位招聘汇总
  - 链接：[http://www.yingyudengji.com/article/165641.html](http://www.yingyudengji.com/article/165641.html)
  - 类型：事业单位（清远全域）

## 📰 其他招聘信息

-  清远市2024年度考试录用公务员面试公告
  - [http://www.gdqy.gov.cn/xxgk/zzjg/zfjg/srlzyhshbz/zhzx/tzgg/content/post_1866259.html ](http://www.gdqy.gov.cn/xxgk/zzjg/zfjg/srlzyhshbz/zhzx/tzgg/content/post_1866259.html ) · 连州市公务员招考 · 公务员
-  关于2018年连州市第二批招录公务员考察工作的通知
  - [http://www.lianzhou.gov.cn/xxgk/rsxx/gwyzk/content/post_341042.html ](http://www.lianzhou.gov.cn/xxgk/rsxx/gwyzk/content/post_341042.html ) · 连州市公务员招考 · 公务员
-  关于2018年连州市招录公务员考察工作的通知
  - [http://www.lianzhou.gov.cn/xxgk/rsxx/gwyzk/content/post_339717.html ](http://www.lianzhou.gov.cn/xxgk/rsxx/gwyzk/content/post_339717.html ) · 连州市公务员招考 · 公务员
-  关于2017年连州市招录公务员考察工作的通知
  - [http://www.lianzhou.gov.cn/xxgk/rsxx/gwyzk/content/post_330026.html ](http://www.lianzhou.gov.cn/xxgk/rsxx/gwyzk/content/post_330026.html ) · 连州市公务员招考 · 公务员
-  国家统计局连州调查队公开选调公务员公告
  - [http://www.lianzhou.gov.cn/xxgk/rsxx/gwyzk/content/post_326163.html ](http://www.lianzhou.gov.cn/xxgk/rsxx/gwyzk/content/post_326163.html ) · 连州市公务员招考 · 公务员
-  国家统计局连州调查队选调公务员公告
  - [http://www.lianzhou.gov.cn/xxgk/rsxx/gwyzk/content/post_315146.html ](http://www.lianzhou.gov.cn/xxgk/rsxx/gwyzk/content/post_315146.html ) · 连州市公务员招考 · 公务员
-  连州市公开选调公务员拟转任人员名单公示
  - [http://www.lianzhou.gov.cn/xxgk/rsxx/gwyzk/content/post_317190.html ](http://www.lianzhou.gov.cn/xxgk/rsxx/gwyzk/content/post_317190.html ) · 连州市公务员招考 · 公务员
-  广东省事业单位2026年集中公开招聘高校毕业生（连州市事业单位）...
  - [http://www.lianzhou.gov.cn/xxgk/rsxx/sydwzp/content/post_2144443.html ](http://www.lianzhou.gov.cn/xxgk/rsxx/sydwzp/content/post_2144443.html ) · 连州市事业单位招聘（含教师） · 事业单位/教师
-  广东省事业单位2026年集中公开招聘高校毕业生（连州市事业单位）...
  - [http://www.lianzhou.gov.cn/xxgk/rsxx/sydwzp/content/post_2138032.html ](http://www.lianzhou.gov.cn/xxgk/rsxx/sydwzp/content/post_2138032.html ) · 连州市事业单位招聘（含教师） · 事业单位/教师
-  2026年广东省连州市赴高校设点面向社会公开招聘编制教师公告
  - [http://www.lianzhou.gov.cn/xxgk/rsxx/sydwzp/content/post_2126279.html ](http://www.lianzhou.gov.cn/xxgk/rsxx/sydwzp/content/post_2126279.html ) · 连州市事业单位招聘（含教师） · 事业单位/教师
-  关于公布2025年下半年广东省连州市赴高校设点面向社会公开招聘编...
  - [http://www.lianzhou.gov.cn/xxgk/rsxx/sydwzp/content/post_2114024.html ](http://www.lianzhou.gov.cn/xxgk/rsxx/sydwzp/content/post_2114024.html ) · 连州市事业单位招聘（含教师） · 事业单位/教师
-  关于公布2025年下半年广东省连州市赴高校设点面向社会公开招聘编...
  - [http://www.lianzhou.gov.cn/xxgk/rsxx/sydwzp/content/post_2109721.html ](http://www.lianzhou.gov.cn/xxgk/rsxx/sydwzp/content/post_2109721.html ) · 连州市事业单位招聘（含教师） · 事业单位/教师
-  关于公布2025年下半年广东省连州市赴高校设点面向社会公开招聘编...
  - [http://www.lianzhou.gov.cn/xxgk/rsxx/sydwzp/content/post_2104854.html ](http://www.lianzhou.gov.cn/xxgk/rsxx/sydwzp/content/post_2104854.html ) · 连州市事业单位招聘（含教师） · 事业单位/教师
-  2025年连州市公开招聘事业单位工作人员拟聘用人员公示（第三批）
  - [http://www.lianzhou.gov.cn/xxgk/rsxx/sydwzp/content/post_2096560.html ](http://www.lianzhou.gov.cn/xxgk/rsxx/sydwzp/content/post_2096560.html ) · 连州市事业单位招聘（含教师） · 事业单位/教师
-  关于公布2025年连州市公开招聘事业单位工作人员体检合格人员名单...
  - [http://www.lianzhou.gov.cn/xxgk/rsxx/sydwzp/content/post_2091214.html ](http://www.lianzhou.gov.cn/xxgk/rsxx/sydwzp/content/post_2091214.html ) · 连州市事业单位招聘（含教师） · 事业单位/教师
-  2025年下半年广东省连州市赴高校设点面向社会公开招聘编制教师公...
  - [http://www.lianzhou.gov.cn/xxgk/rsxx/sydwzp/content/post_2087427.html ](http://www.lianzhou.gov.cn/xxgk/rsxx/sydwzp/content/post_2087427.html ) · 连州市事业单位招聘（含教师） · 事业单位/教师
-  2025年连州市公开招聘事业单位工作人员拟聘用人员公示（第二批）
  - [http://www.lianzhou.gov.cn/xxgk/rsxx/sydwzp/content/post_2081918.html ](http://www.lianzhou.gov.cn/xxgk/rsxx/sydwzp/content/post_2081918.html ) · 连州市事业单位招聘（含教师） · 事业单位/教师
-  关于公布2025年连州市公开招聘事业单位工作人员体检合格人员名单...
  - [http://www.lianzhou.gov.cn/xxgk/rsxx/sydwzp/content/post_2079767.html ](http://www.lianzhou.gov.cn/xxgk/rsxx/sydwzp/content/post_2079767.html ) · 连州市事业单位招聘（含教师） · 事业单位/教师
-  2025年连州市公开招聘事业单位工作人员拟聘用人员公示（第一批）
  - [http://www.lianzhou.gov.cn/xxgk/rsxx/sydwzp/content/post_2074541.html ](http://www.lianzhou.gov.cn/xxgk/rsxx/sydwzp/content/post_2074541.html ) · 连州市事业单位招聘（含教师） · 事业单位/教师
-  关于公布2025年连州市公开招聘事业单位工作人员体检合格人员名单...
  - [http://www.lianzhou.gov.cn/xxgk/rsxx/sydwzp/content/post_2074260.html ](http://www.lianzhou.gov.cn/xxgk/rsxx/sydwzp/content/post_2074260.html ) · 连州市事业单位招聘（含教师） · 事业单位/教师
- ... 还有 222 条（完整数据见本地文件）

---
*数据来源：连州市政府门户网站 + 清远教师招聘网 + 清远事业单位招聘汇总*
*下次监测：明日同一时间*
Traceback (most recent call last):
  File "/home/hangskf/.hermes/scripts/lianzhou_jobs_crawler.py", line 29, in <module>
    from bs4 import BeautifulSoup
ModuleNotFoundError: No module named 'bs4'
Traceback (most recent call last):
  File "/home/hangskf/.hermes/scripts/lianzhou_jobs_crawler.py", line 29, in <module>
    from bs4 import BeautifulSoup
ModuleNotFoundError: No module named 'bs4'
Traceback (most recent call last):
  File "/home/hangskf/.hermes/scripts/lianzhou_jobs_crawler.py", line 29, in <module>
    from bs4 import BeautifulSoup
ModuleNotFoundError: No module named 'bs4'
Traceback (most recent call last):
  File "/home/hangskf/.hermes/scripts/lianzhou_jobs_crawler.py", line 29, in <module>
    from bs4 import BeautifulSoup
ModuleNotFoundError: No module named 'bs4'
Traceback (most recent call last):
  File "/home/hangskf/.hermes/scripts/lianzhou_jobs_crawler.py", line 29, in <module>
    from bs4 import BeautifulSoup
ModuleNotFoundError: No module named 'bs4'
Traceback (most recent call last):
  File "/home/hangskf/.hermes/scripts/lianzhou_jobs_crawler.py", line 29, in <module>
    from bs4 import BeautifulSoup
ModuleNotFoundError: No module named 'bs4'
Traceback (most recent call last):
  File "/home/hangskf/.hermes/scripts/lianzhou_jobs_crawler.py", line 29, in <module>
    from bs4 import BeautifulSoup
ModuleNotFoundError: No module named 'bs4'
Traceback (most recent call last):
  File "/home/hangskf/.hermes/scripts/lianzhou_jobs_crawler.py", line 29, in <module>
    from bs4 import BeautifulSoup
ModuleNotFoundError: No module named 'bs4'
Traceback (most recent call last):
  File "/home/hangskf/.hermes/scripts/lianzhou_jobs_crawler.py", line 29, in <module>
    from bs4 import BeautifulSoup
ModuleNotFoundError: No module named 'bs4'
Traceback (most recent call last):
  File "/home/hangskf/.hermes/scripts/lianzhou_jobs_crawler.py", line 29, in <module>
    from bs4 import BeautifulSoup
ModuleNotFoundError: No module named 'bs4'
Traceback (most recent call last):
  File "/home/hangskf/.hermes/scripts/lianzhou_jobs_crawler.py", line 29, in <module>
    from bs4 import BeautifulSoup
ModuleNotFoundError: No module named 'bs4'
Traceback (most recent call last):
  File "/home/hangskf/.hermes/scripts/lianzhou_jobs_crawler.py", line 29, in <module>
    from bs4 import BeautifulSoup
ModuleNotFoundError: No module named 'bs4'
Traceback (most recent call last):
  File "/home/hangskf/.hermes/scripts/lianzhou_jobs_crawler.py", line 29, in <module>
    from bs4 import BeautifulSoup
ModuleNotFoundError: No module named 'bs4'
Traceback (most recent call last):
  File "/home/hangskf/.hermes/scripts/lianzhou_jobs_crawler.py", line 29, in <module>
    from bs4 import BeautifulSoup
ModuleNotFoundError: No module named 'bs4'
Traceback (most recent call last):
  File "/home/hangskf/.hermes/scripts/lianzhou_jobs_crawler.py", line 29, in <module>
    from bs4 import BeautifulSoup
ModuleNotFoundError: No module named 'bs4'
Traceback (most recent call last):
  File "/home/hangskf/.hermes/scripts/lianzhou_jobs_crawler.py", line 29, in <module>
    from bs4 import BeautifulSoup
ModuleNotFoundError: No module named 'bs4'
Traceback (most recent call last):
  File "/home/hangskf/.hermes/scripts/lianzhou_jobs_crawler.py", line 29, in <module>
    from bs4 import BeautifulSoup
ModuleNotFoundError: No module named 'bs4'
Traceback (most recent call last):
  File "/home/hangskf/.hermes/scripts/lianzhou_jobs_crawler.py", line 29, in <module>
    from bs4 import BeautifulSoup
ModuleNotFoundError: No module named 'bs4'
Traceback (most recent call last):
  File "/home/hangskf/.hermes/scripts/lianzhou_jobs_crawler.py", line 29, in <module>
    from bs4 import BeautifulSoup
ModuleNotFoundError: No module named 'bs4'
Traceback (most recent call last):
  File "/home/hangskf/.hermes/scripts/lianzhou_jobs_crawler.py", line 29, in <module>
    from bs4 import BeautifulSoup
ModuleNotFoundError: No module named 'bs4'
Traceback (most recent call last):
  File "/home/hangskf/.hermes/scripts/lianzhou_jobs_crawler.py", line 29, in <module>
    from bs4 import BeautifulSoup
ModuleNotFoundError: No module named 'bs4'
Traceback (most recent call last):
  File "/home/hangskf/.hermes/scripts/lianzhou_jobs_crawler.py", line 29, in <module>
    from bs4 import BeautifulSoup
ModuleNotFoundError: No module named 'bs4'
Traceback (most recent call last):
  File "/home/hangskf/.hermes/scripts/lianzhou_jobs_crawler.py", line 29, in <module>
    from bs4 import BeautifulSoup
ModuleNotFoundError: No module named 'bs4'
Traceback (most recent call last):
  File "/home/hangskf/.hermes/scripts/lianzhou_jobs_crawler.py", line 29, in <module>
    from bs4 import BeautifulSoup
ModuleNotFoundError: No module named 'bs4'
Traceback (most recent call last):
  File "/home/hangskf/.hermes/scripts/lianzhou_jobs_crawler.py", line 29, in <module>
    from bs4 import BeautifulSoup
ModuleNotFoundError: No module named 'bs4'
Traceback (most recent call last):
  File "/home/hangskf/.hermes/scripts/lianzhou_jobs_crawler.py", line 29, in <module>
    from bs4 import BeautifulSoup
ModuleNotFoundError: No module named 'bs4'
Traceback (most recent call last):
  File "/home/hangskf/.hermes/scripts/lianzhou_jobs_crawler.py", line 29, in <module>
    from bs4 import BeautifulSoup
ModuleNotFoundError: No module named 'bs4'
Traceback (most recent call last):
  File "/home/hangskf/.hermes/scripts/lianzhou_jobs_crawler.py", line 29, in <module>
    from bs4 import BeautifulSoup
ModuleNotFoundError: No module named 'bs4'
Traceback (most recent call last):
  File "/home/hangskf/.hermes/scripts/lianzhou_jobs_crawler.py", line 29, in <module>
    from bs4 import BeautifulSoup
ModuleNotFoundError: No module named 'bs4'
Traceback (most recent call last):
  File "/home/hangskf/.hermes/scripts/lianzhou_jobs_crawler.py", line 29, in <module>
    from bs4 import BeautifulSoup
ModuleNotFoundError: No module named 'bs4'
Traceback (most recent call last):
  File "/home/hangskf/.hermes/scripts/lianzhou_jobs_crawler.py", line 29, in <module>
    from bs4 import BeautifulSoup
ModuleNotFoundError: No module named 'bs4'
Traceback (most recent call last):
  File "/home/hangskf/.hermes/scripts/lianzhou_jobs_crawler.py", line 29, in <module>
    from bs4 import BeautifulSoup
ModuleNotFoundError: No module named 'bs4'
Traceback (most recent call last):
  File "/home/hangskf/.hermes/scripts/lianzhou_jobs_crawler.py", line 29, in <module>
    from bs4 import BeautifulSoup
ModuleNotFoundError: No module named 'bs4'
Traceback (most recent call last):
  File "/home/hangskf/.hermes/scripts/lianzhou_jobs_crawler.py", line 29, in <module>
    from bs4 import BeautifulSoup
ModuleNotFoundError: No module named 'bs4'
Traceback (most recent call last):
  File "/home/hangskf/.hermes/scripts/lianzhou_jobs_crawler.py", line 29, in <module>
    from bs4 import BeautifulSoup
ModuleNotFoundError: No module named 'bs4'
Traceback (most recent call last):
  File "/home/hangskf/.hermes/scripts/lianzhou_jobs_crawler.py", line 29, in <module>
    from bs4 import BeautifulSoup
ModuleNotFoundError: No module named 'bs4'
Traceback (most recent call last):
  File "/home/hangskf/.hermes/scripts/lianzhou_jobs_crawler.py", line 29, in <module>
    from bs4 import BeautifulSoup
ModuleNotFoundError: No module named 'bs4'
Traceback (most recent call last):
  File "/home/hangskf/.hermes/scripts/lianzhou_jobs_crawler.py", line 29, in <module>
    from bs4 import BeautifulSoup
ModuleNotFoundError: No module named 'bs4'
Traceback (most recent call last):
  File "/home/hangskf/.hermes/scripts/lianzhou_jobs_crawler.py", line 29, in <module>
    from bs4 import BeautifulSoup
ModuleNotFoundError: No module named 'bs4'
Traceback (most recent call last):
  File "/home/hangskf/.hermes/scripts/lianzhou_jobs_crawler.py", line 29, in <module>
    from bs4 import BeautifulSoup
ModuleNotFoundError: No module named 'bs4'
Traceback (most recent call last):
  File "/home/hangskf/.hermes/scripts/lianzhou_jobs_crawler.py", line 29, in <module>
    from bs4 import BeautifulSoup
ModuleNotFoundError: No module named 'bs4'
Traceback (most recent call last):
  File "/home/hangskf/.hermes/scripts/lianzhou_jobs_crawler.py", line 29, in <module>
    from bs4 import BeautifulSoup
ModuleNotFoundError: No module named 'bs4'
Traceback (most recent call last):
  File "/home/hangskf/.hermes/scripts/lianzhou_jobs_crawler.py", line 29, in <module>
    from bs4 import BeautifulSoup
ModuleNotFoundError: No module named 'bs4'
Traceback (most recent call last):
  File "/home/hangskf/.hermes/scripts/lianzhou_jobs_crawler.py", line 29, in <module>
    from bs4 import BeautifulSoup
ModuleNotFoundError: No module named 'bs4'
Traceback (most recent call last):
  File "/home/hangskf/.hermes/scripts/lianzhou_jobs_crawler.py", line 29, in <module>
    from bs4 import BeautifulSoup
ModuleNotFoundError: No module named 'bs4'
Traceback (most recent call last):
  File "/home/hangskf/.hermes/scripts/lianzhou_jobs_crawler.py", line 29, in <module>
    from bs4 import BeautifulSoup
ModuleNotFoundError: No module named 'bs4'
